instead.

 

> rest-express@1.0.0 start

> NODE_ENV=production node dist/index.js

 

file:///app/dist/index.js:144

      throw new Error(

            ^

 

Error: DATABASE_URL must be set. Did you forget to provision a database?

    at server/db.ts (file:///app/dist/index.js:144:13)

    at __init (file:///app/dist/index.js:4:56)

    at server/storage.ts (file:///app/dist/index.js:160:5)

    at __init (file:///app/dist/index.js:4:56)

    at file:///app/dist/index.js:787:1

    at ModuleJob.run (node:internal/modules/esm/module_job:195:25)

    at async ModuleLoader.import (node:internal/modules/esm/loader:337:24)

    at async loadESM (node:internal/process/esm_loader:34:7)

    at async handleMainPromise (node:internal/modules/run_main:106:12)

 

Node.js v18.20.5

npm warn config production Use `--omit=dev` instead.

 

> rest-express@1.0.0 start

> NODE_ENV=production node dist/index.js

 

file:///app/dist/index.js:144

      throw new Error(

            ^

 

Error: DATABASE_URL must be set. Did you forget to provision a database?

    at server/db.ts (file:///app/dist/index.js:144:13)

    at __init (file:///app/dist/index.js:4:56)

    at server/storage.ts (file:///app/dist/index.js:160:5)

    at __init (file:///app/dist/index.js:4:56)

    at file:///app/dist/index.js:787:1

    at ModuleJob.run (node:internal/modules/esm/module_job:195:25)

    at async ModuleLoader.import (node:internal/modules/esm/loader:337:24)

    at async loadESM (node:internal/process/esm_loader:34:7)

    at async handleMainPromise (node:internal/modules/run_main:106:12)

 

Node.js v18.20.5

npm warn config production Use `--omit=dev` instead.

 

> rest-express@1.0.0 start

> NODE_ENV=production node dist/index.js

 

file:///app/dist/index.js:144

      throw new Error(

            ^

 

Error: DATABASE_URL must be set. Did you forget to provision a database?

    at server/db.ts (file:///app/dist/index.js:144:13)

    at __init (file:///app/dist/index.js:4:56)

    at server/storage.ts (file:///app/dist/index.js:160:5)

    at __init (file:///app/dist/index.js:4:56)

    at file:///app/dist/index.js:787:1

    at ModuleJob.run (node:internal/modules/esm/module_job:195:25)

    at async ModuleLoader.import (node:internal/modules/esm/loader:337:24)

    at async loadESM (node:internal/process/esm_loader:34:7)

    at async handleMainPromise (node:internal/modules/run_main:106:12)

 

Node.js v18.20.5

npm warn config production Use `--omit=dev` instead.

 

> rest-express@1.0.0 start

> NODE_ENV=production node dist/index.js

 

file:///app/dist/index.js:144

      throw new Error(

            ^

 

Error: DATABASE_URL must be set. Did you forget to provision a database?

    at server/db.ts (file:///app/dist/index.js:144:13)

    at __init (file:///app/dist/index.js:4:56)

    at server/storage.ts (file:///app/dist/index.js:160:5)

    at __init (file:///app/dist/index.js:4:56)

    at file:///app/dist/index.js:787:1

    at ModuleJob.run (node:internal/modules/esm/module_job:195:25)

    at async ModuleLoader.import (node:internal/modules/esm/loader:337:24)

    at async loadESM (node:internal/process/esm_loader:34:7)

    at async handleMainPromise (node:internal/modules/run_main:106:12)

 

Node.js v18.20.5

npm warn config production Use `--omit=dev` instead.

 

> rest-express@1.0.0 start

> NODE_ENV=production node dist/index.js

 

file:///app/dist/index.js:144

      throw new Error(

            ^

 

Error: DATABASE_URL must be set. Did you forget to provision a database?

    at server/db.ts (file:///app/dist/index.js:144:13)

    at __init (file:///app/dist/index.js:4:56)

    at server/storage.ts (file:///app/dist/index.js:160:5)

    at __init (file:///app/dist/index.js:4:56)

    at file:///app/dist/index.js:787:1

    at ModuleJob.run (node:internal/modules/esm/module_job:195:25)

    at async ModuleLoader.import (node:internal/modules/esm/loader:337:24)

    at async loadESM (node:internal/process/esm_loader:34:7)

    at async handleMainPromise (node:internal/modules/run_main:106:12)

 

Node.js v18.20.5

npm warn config production Use `--omit=dev` instead.

 

> rest-express@1.0.0 start

> NODE_ENV=production node dist/index.js

 

file:///app/dist/index.js:144

      throw new Error(

            ^

 

Error: DATABASE_URL must be set. Did you forget to provision a database?

    at server/db.ts (file:///app/dist/index.js:144:13)

    at __init (file:///app/dist/index.js:4:56)

    at server/storage.ts (file:///app/dist/index.js:160:5)

    at __init (file:///app/dist/index.js:4:56)

    at file:///app/dist/index.js:787:1

    at ModuleJob.run (node:internal/modules/esm/module_job:195:25)

    at async ModuleLoader.import (node:internal/modules/esm/loader:337:24)

    at async loadESM (node:internal/process/esm_loader:34:7)

    at async handleMainPromise (node:internal/modules/run_main:106:12)

 

Node.js v18.20.5

npm warn config production Use `--omit=dev` instead.

 

> rest-express@1.0.0 start

> NODE_ENV=production node dist/index.js

 

file:///app/dist/index.js:144

      throw new Error(

            ^

 

Error: DATABASE_URL must be set. Did you forget to provision a database?

    at server/db.ts (file:///app/dist/index.js:144:13)

    at __init (file:///app/dist/index.js:4:56)

    at server/storage.ts (file:///app/dist/index.js:160:5)

    at __init (file:///app/dist/index.js:4:56)

    at file:///app/dist/index.js:787:1

    at ModuleJob.run (node:internal/modules/esm/module_job:195:25)

    at async ModuleLoader.import (node:internal/modules/esm/loader:337:24)

    at async loadESM (node:internal/process/esm_loader:34:7)

    at async handleMainPromise (node:internal/modules/run_main:106:12)

 

Node.js v18.20.5

npm warn config production Use `--omit=dev` instead.

 

> rest-express@1.0.0 start

> NODE_ENV=production node dist/index.js

 

file:///app/dist/index.js:144

      throw new Error(

            ^

 

Error: DATABASE_URL must be set. Did you forget to provision a database?

    at server/db.ts (file:///app/dist/index.js:144:13)

    at __init (file:///app/dist/index.js:4:56)

    at server/storage.ts (file:///app/dist/index.js:160:5)

    at __init (file:///app/dist/index.js:4:56)

    at file:///app/dist/index.js:787:1

    at ModuleJob.run (node:internal/modules/esm/module_job:195:25)

    at async ModuleLoader.import (node:internal/modules/esm/loader:337:24)

    at async loadESM (node:internal/process/esm_loader:34:7)

    at async handleMainPromise (node:internal/modules/run_main:106:12)

 

Node.js v18.20.5

npm warn config production Use `--omit=dev` instead.

 

> rest-express@1.0.0 start

> NODE_ENV=production node dist/index.js

 

file:///app/dist/index.js:144

      throw new Error(

            ^

 

Error: DATABASE_URL must be set. Did you forget to provision a database?

    at server/db.ts (file:///app/dist/index.js:144:13)

    at __init (file:///app/dist/index.js:4:56)

    at server/storage.ts (file:///app/dist/index.js:160:5)

    at __init (file:///app/dist/index.js:4:56)

    at file:///app/dist/index.js:787:1

    at ModuleJob.run (node:internal/modules/esm/module_job:195:25)

    at async ModuleLoader.import (node:internal/modules/esm/loader:337:24)

    at async loadESM (node:internal/process/esm_loader:34:7)

    at async handleMainPromise (node:internal/modules/run_main:106:12)

 

Node.js v18.20.5

npm warn config production Use `--omit=dev` instead.

 

> rest-express@1.0.0 start

> NODE_ENV=production node dist/index.js

 

file:///app/dist/index.js:144

      throw new Error(

            ^

 

Error: DATABASE_URL must be set. Did you forget to provision a database?

    at server/db.ts (file:///app/dist/index.js:144:13)

    at __init (file:///app/dist/index.js:4:56)

    at server/storage.ts (file:///app/dist/index.js:160:5)

    at __init (file:///app/dist/index.js:4:56)

    at file:///app/dist/index.js:787:1

    at ModuleJob.run (node:internal/modules/esm/module_job:195:25)

    at async ModuleLoader.import (node:internal/modules/esm/loader:337:24)

    at async loadESM (node:internal/process/esm_loader:34:7)

    at async handleMainPromise (node:internal/modules/run_main:106:12)

 

Node.js v18.20.5

npm warn config production Use `--omit=dev` instead.

 

> rest-express@1.0.0 start

> NODE_ENV=production node dist/index.js

 

file:///app/dist/index.js:144

      throw new Error(

            ^

 

Error: DATABASE_URL must be set. Did you forget to provision a database?

    at server/db.ts (file:///app/dist/index.js:144:13)

    at __init (file:///app/dist/index.js:4:56)

    at server/storage.ts (file:///app/dist/index.js:160:5)

    at __init (file:///app/dist/index.js:4:56)

    at file:///app/dist/index.js:787:1

    at ModuleJob.run (node:internal/modules/esm/module_job:195:25)

    at async ModuleLoader.import (node:internal/modules/esm/loader:337:24)

    at async loadESM (node:internal/process/esm_loader:34:7)

    at async handleMainPromise (node:internal/modules/run_main:106:12)

 

Node.js v18.20.5

npm warn config production Use `--omit=dev` instead.

 

> rest-express@1.0.0 start

> NODE_ENV=production node dist/index.js

 

file:///app/dist/index.js:144

      throw new Error(

            ^

 

Error: DATABASE_URL must be set. Did you forget to provision a database?

    at server/db.ts (file:///app/dist/index.js:144:13)

    at __init (file:///app/dist/index.js:4:56)

    at server/storage.ts (file:///app/dist/index.js:160:5)

    at __init (file:///app/dist/index.js:4:56)

    at file:///app/dist/index.js:787:1

    at ModuleJob.run (node:internal/modules/esm/module_job:195:25)

    at async ModuleLoader.import (node:internal/modules/esm/loader:337:24)

    at async loadESM (node:internal/process/esm_loader:34:7)

    at async handleMainPromise (node:internal/modules/run_main:106:12)

 

Node.js v18.20.5

npm warn config production Use `--omit=dev` instead.

 

> rest-express@1.0.0 start

> NODE_ENV=production node dist/index.js

 

file:///app/dist/index.js:144

      throw new Error(

            ^

 

Error: DATABASE_URL must be set. Did you forget to provision a database?

    at server/db.ts (file:///app/dist/index.js:144:13)

    at __init (file:///app/dist/index.js:4:56)

    at server/storage.ts (file:///app/dist/index.js:160:5)

    at __init (file:///app/dist/index.js:4:56)

    at file:///app/dist/index.js:787:1

    at ModuleJob.run (node:internal/modules/esm/module_job:195:25)

    at async ModuleLoader.import (node:internal/modules/esm/loader:337:24)

    at async loadESM (node:internal/process/esm_loader:34:7)

    at async handleMainPromise (node:internal/modules/run_main:106:12)

 

Node.js v18.20.5

npm warn config production Use `--omit=dev` instead.

 

> rest-express@1.0.0 start

> NODE_ENV=production node dist/index.js

 

file:///app/dist/index.js:144

      throw new Error(

            ^

 

Error: DATABASE_URL must be set. Did you forget to provision a database?

    at server/db.ts (file:///app/dist/index.js:144:13)

    at __init (file:///app/dist/index.js:4:56)

    at server/storage.ts (file:///app/dist/index.js:160:5)

    at __init (file:///app/dist/index.js:4:56)

    at file:///app/dist/index.js:787:1

    at ModuleJob.run (node:internal/modules/esm/module_job:195:25)

    at async ModuleLoader.import (node:internal/modules/esm/loader:337:24)

    at async loadESM (node:internal/process/esm_loader:34:7)

    at async handleMainPromise (node:internal/modules/run_main:106:12)

 

Node.js v18.20.5

npm warn config production Use `--omit=dev` instead.

 

> rest-express@1.0.0 start

> NODE_ENV=production node dist/index.js

 

file:///app/dist/index.js:144

      throw new Error(

            ^

 

Error: DATABASE_URL must be set. Did you forget to provision a database?

    at server/db.ts (file:///app/dist/index.js:144:13)

    at __init (file:///app/dist/index.js:4:56)

    at server/storage.ts (file:///app/dist/index.js:160:5)

    at __init (file:///app/dist/index.js:4:56)

    at file:///app/dist/index.js:787:1

    at ModuleJob.run (node:internal/modules/esm/module_job:195:25)

    at async ModuleLoader.import (node:internal/modules/esm/loader:337:24)

    at async loadESM (node:internal/process/esm_loader:34:7)

    at async handleMainPromise (node:internal/modules/run_main:106:12)

 

Node.js v18.20.5

npm warn config production Use `--omit=dev` instead.

 

> rest-express@1.0.0 start

> NODE_ENV=production node dist/index.js

 

file:///app/dist/index.js:144

      throw new Error(

            ^

 

Error: DATABASE_URL must be set. Did you forget to provision a database?

    at server/db.ts (file:///app/dist/index.js:144:13)

    at __init (file:///app/dist/index.js:4:56)

    at server/storage.ts (file:///app/dist/index.js:160:5)

    at __init (file:///app/dist/index.js:4:56)

    at file:///app/dist/index.js:787:1

    at ModuleJob.run (node:internal/modules/esm/module_job:195:25)

    at async ModuleLoader.import (node:internal/modules/esm/loader:337:24)

    at async loadESM (node:internal/process/esm_loader:34:7)

    at async handleMainPromise (node:internal/modules/run_main:106:12)

 

Node.js v18.20.5

npm warn config production Use `--omit=dev` instead.

 

> rest-express@1.0.0 start

> NODE_ENV=production node dist/index.js

 

file:///app/dist/index.js:144

      throw new Error(

            ^

 

Error: DATABASE_URL must be set. Did you forget to provision a database?

    at server/db.ts (file:///app/dist/index.js:144:13)

    at __init (file:///app/dist/index.js:4:56)

    at server/storage.ts (file:///app/dist/index.js:160:5)

    at __init (file:///app/dist/index.js:4:56)

    at file:///app/dist/index.js:787:1

    at ModuleJob.run (node:internal/modules/esm/module_job:195:25)

    at async ModuleLoader.import (node:internal/modules/esm/loader:337:24)

    at async loadESM (node:internal/process/esm_loader:34:7)

    at async handleMainPromise (node:internal/modules/run_main:106:12)

 

Node.js v18.20.5

npm warn config production Use `--omit=dev` instead.

 

> rest-express@1.0.0 start

> NODE_ENV=production node dist/index.js

 

file:///app/dist/index.js:144

      throw new Error(

            ^

 

Error: DATABASE_URL must be set. Did you forget to provision a database?

    at server/db.ts (file:///app/dist/index.js:144:13)

    at __init (file:///app/dist/index.js:4:56)

    at server/storage.ts (file:///app/dist/index.js:160:5)

    at __init (file:///app/dist/index.js:4:56)

    at file:///app/dist/index.js:787:1

    at ModuleJob.run (node:internal/modules/esm/module_job:195:25)

    at async ModuleLoader.import (node:internal/modules/esm/loader:337:24)

    at async loadESM (node:internal/process/esm_loader:34:7)

    at async handleMainPromise (node:internal/modules/run_main:106:12)

 

Node.js v18.20.5

npm warn config production Use `--omit=dev` instead.

 

> rest-express@1.0.0 start

> NODE_ENV=production node dist/index.js

 

file:///app/dist/index.js:144

      throw new Error(

            ^

 

Error: DATABASE_URL must be set. Did you forget to provision a database?

    at server/db.ts (file:///app/dist/index.js:144:13)

    at __init (file:///app/dist/index.js:4:56)

    at server/storage.ts (file:///app/dist/index.js:160:5)

    at __init (file:///app/dist/index.js:4:56)

    at file:///app/dist/index.js:787:1

    at ModuleJob.run (node:internal/modules/esm/module_job:195:25)

    at async ModuleLoader.import (node:internal/modules/esm/loader:337:24)

    at async loadESM (node:internal/process/esm_loader:34:7)

    at async handleMainPromise (node:internal/modules/run_main:106:12)

 

Node.js v18.20.5

npm warn config production Use `--omit=dev` instead.

 

> rest-express@1.0.0 start

> NODE_ENV=production node dist/index.js

 

file:///app/dist/index.js:144

      throw new Error(

            ^

 

Error: DATABASE_URL must be set. Did you forget to provision a database?

    at server/db.ts (file:///app/dist/index.js:144:13)

    at __init (file:///app/dist/index.js:4:56)

    at server/storage.ts (file:///app/dist/index.js:160:5)

    at __init (file:///app/dist/index.js:4:56)

    at file:///app/dist/index.js:787:1

    at ModuleJob.run (node:internal/modules/esm/module_job:195:25)

    at async ModuleLoader.import (node:internal/modules/esm/loader:337:24)

    at async loadESM (node:internal/process/esm_loader:34:7)

    at async handleMainPromise (node:internal/modules/run_main:106:12)

 

Node.js v18.20.5

npm warn config production Use `--omit=dev` instead.

 

> rest-express@1.0.0 start

> NODE_ENV=production node dist/index.js

 

file:///app/dist/index.js:144

      throw new Error(

            ^

 

Error: DATABASE_URL must be set. Did you forget to provision a database?

    at server/db.ts (file:///app/dist/index.js:144:13)

    at __init (file:///app/dist/index.js:4:56)

    at server/storage.ts (file:///app/dist/index.js:160:5)

    at __init (file:///app/dist/index.js:4:56)

    at file:///app/dist/index.js:787:1

    at ModuleJob.run (node:internal/modules/esm/module_job:195:25)

    at async ModuleLoader.import (node:internal/modules/esm/loader:337:24)

    at async loadESM (node:internal/process/esm_loader:34:7)

    at async handleMainPromise (node:internal/modules/run_main:106:12)

 

Node.js v18.20.5

npm warn config production Use `--omit=dev` instead.

 

> rest-express@1.0.0 start

> NODE_ENV=production node dist/index.js

 

file:///app/dist/index.js:144

      throw new Error(

            ^

 

Error: DATABASE_URL must be set. Did you forget to provision a database?

    at server/db.ts (file:///app/dist/index.js:144:13)

    at __init (file:///app/dist/index.js:4:56)

    at server/storage.ts (file:///app/dist/index.js:160:5)

    at __init (file:///app/dist/index.js:4:56)

    at file:///app/dist/index.js:787:1

    at ModuleJob.run (node:internal/modules/esm/module_job:195:25)

    at async ModuleLoader.import (node:internal/modules/esm/loader:337:24)

    at async loadESM (node:internal/process/esm_loader:34:7)

    at async handleMainPromise (node:internal/modules/run_main:106:12)

 

Node.js v18.20.5